* * * * * * * * * * * *
* 6 * * * * * * * * * *
8 6 6 * * * * * * * * *
8 8 * * * * * * * 11 * *
8 * * * * * * * 11 11 11 *
* * * * * * * * * 11 * *
* * * * * * * * * * * *
* * * * * * * * * * * *
* * * * * * * * * * * *
* * * * * * * * * * * *
* * * * * * * * * * * *
* * * * * * * * * * * *
* * * * * * * * * * * *
* * * * * * * * * * * *
* * * * * * * * * * * *
* * * * * * * * * * * *
* 9 * * * * * * * * 7 *
9 9 9 * * * * * * 7 7 7
5 9 * * * * * * * * 7 *
5 * * * * * * * * * * *
* * * * * * * * * * * *
* * * * * * * * * * * *
* * * * * * * * * * * *
* * * * * * * * * * * *
* * * * * * * * * * * *
* * * * * * * * * * * *
* * * * 3 * * * * * * *
* * * 3 3 3 * * * * * *
* * * * 3 * * * * * * *
* * * * * * * * * * * *
* * * * * * * * * * * *
* * * * * * * * * * * *
* * * * * * * * * * * *
* * * * * * * * * * * *
* * * * * * * * * * * *
* * * * * * 12 * * * * 4
* * * * * 12 12 12 * * 4 4
* * * * * * 12 * * * * 4
* * * * * * * * * * * *
* * * * * * * * * * * *
* * * * * * * * * * * *
* * * * * * * * * * * *
* * * * * * * * * * * *
* * * * * * * * * * * *
* * * * * * * * * * * *
* * * * * 1 * * * * * *
* * * * 1 1 1 * * * * *
* * * * * 1 * * * * * *
* * * * * * * * * * * *
* * * * * * * * * * * *
* * * * * * * * * * * 2
* * * * * * * * * * 10 2
* * * * * * * * * 10 10 10
* * * * * * * * * * 10 *
* * * * * * * * * * * *
* * * * * * * * * * * *
* * * * * * * * * * * *
* * * * * * * * * * * *
* * * * * * * * * * * *
