77 77 77
75 77 75
71 75 74
71 71 74
76 68 70
76 76 70
