14 18 22 26 30 34 38 42 46 39
45 60 65 70 75 80 85 90 95 79
85 110 115 120 125 130 135 140 145 119
125 160 165 170 175 180 185 190 195 159
165 210 215 220 225 230 235 240 245 199
205 260 265 270 275 280 285 290 295 239
245 310 315 320 325 330 335 340 345 279
285 360 365 370 375 380 385 390 395 319
325 410 415 420 425 430 435 440 445 359
264 358 362 366 370 374 378 382 386 289
