12 12 30 30 18 18 38 38 72 72 72 72 72 72 72 36 36 36 36 36 36 36 36 30 30 30 30 42 32 20 