0 18 18 18 18 30 30 30 48 48 48 60 60 60 60 52 52 52 52 52 40 40 24 28 28 28 28 64 36 18 