No winer
No winer
No winer
No winer
No winer
No winer
No winer
No winer
No winer
No winer
No winer
No winer
No winer
No winer
No winer
No winer
No winer
No winer
No winer
No winer
No winer
No winer
No winer
No winer
No winer
No winer
No winer
No winer
No winer
No winer
No winer
No winer
No winer
No winer
No winer
No winer
No winer
No winer
No winer
No winer
No winer
No winer
No winer
No winer
No winer
No winer
No winer
No winer
Winer b
Winer a
No winer
No winer
Winer a
Winer b
No winer
No winer
No winer
No winer
Winer b
Winer a
No winer
No winer
Winer a
Winer b
No winer
No winer
Winer b
Winer a
No winer
No winer
Winer a
Winer b
Winer b
Winer a
No winer
No winer
Winer a
Winer b
Winer a
Winer b
Winer b
Winer a
Winer a
Winer b
Winer a
Winer b
Winer b
Winer a
Winer a
Winer b
Winer b
Winer a
No winer
No winer
Winer a
Winer b
No winer
No winer
Winer a
Winer b
No winer
No winer
Winer b
Winer a
Winer a
Winer b
Winer b
Winer a
No winer
No winer
Winer a
Winer b
Winer a
Winer b
Winer b
Winer a
Winer b
Winer a
No winer
No winer
Winer a
Winer b
Winer b
Winer a
Winer a
Winer b
No winer
No winer
Winer b
Winer a
Winer a
Winer b
Winer b
Winer a
No winer
No winer
Winer a
Winer b
No winer
No winer
Winer a
Winer b
No winer
No winer
Winer b
Winer a
No winer
No winer
Winer b
Winer a
Winer a
Winer b
Winer a
Winer b
Winer a
Winer b
Winer b
Winer a
Winer b
Winer a
Winer b
Winer a
Winer a
Winer b
Winer b
Winer a
Winer a
Winer b
No winer
No winer
Winer b
Winer a
Winer a
Winer b
Winer b
Winer a
No winer
No winer
Winer a
Winer b
No winer
No winer
Winer a
Winer b
Winer b
Winer a
Winer b
Winer a
Winer a
Winer b
Winer b
Winer a
Winer a
Winer b
Winer a
Winer b
Winer a
Winer b
Winer b
Winer a
Winer b
Winer a
Winer b
Winer a
Winer a
Winer b
Winer b
Winer a
Winer a
Winer b
Winer a
Winer b
Winer b
Winer a
Winer a
Winer b
Winer b
Winer a
No winer
No winer
Winer a
Winer b
No winer
No winer
Winer a
Winer b
No winer
No winer
Winer b
Winer a
Winer a
Winer b
Winer b
Winer a
Winer a
Winer b
Winer a
Winer b
Winer a
Winer b
Winer b
Winer a
Winer b
Winer a
Winer b
Winer a
Winer a
Winer b
Winer b
Winer a
Winer a
Winer b
No winer
No winer
Winer b
Winer a
Winer a
Winer b
Winer b
Winer a
No winer
No winer
Winer a
Winer b
No winer
No winer
Winer a
Winer b
No winer
No winer
Winer b
Winer a
No winer
No winer
Winer b
Winer a
Winer a
Winer b
Winer a
Winer b
Winer a
Winer b
Winer b
Winer a
Winer b
Winer a
Winer b
Winer a
Winer a
Winer b
Winer b
Winer a
Winer a
Winer b
No winer
No winer
Winer b
Winer a
Winer a
Winer b
Winer b
Winer a
No winer
No winer
Winer a
Winer b
No winer
No winer
Winer a
Winer b
Winer b
Winer a
Winer b
Winer a
Winer a
Winer b
Winer b
Winer a
Winer a
Winer b
Winer a
Winer b
Winer a
Winer b
Winer b
Winer a
Winer b
Winer a
Winer b
Winer a
Winer a
Winer b
Winer b
Winer a
Winer a
Winer b
Winer a
Winer b
Winer b
Winer a
Winer a
Winer b
Winer b
Winer a
No winer
No winer
Winer a
Winer b
No winer
No winer
Winer a
Winer b
No winer
No winer
Winer b
Winer a
Winer a
Winer b
Winer b
Winer a
Winer a
Winer b
Winer a
Winer b
Winer a
Winer b
Winer b
Winer a
Winer b
Winer a
Winer b
Winer a
Winer a
Winer b
Winer b
Winer a
Winer a
Winer b
No winer
No winer
Winer b
Winer a
Winer a
Winer b
Winer b
Winer a
No winer
No winer
Winer a
Winer b
No winer
No winer
Winer a
Winer b
No winer
No winer
Winer b
Winer a
No winer
No winer
Winer b
Winer a
Winer a
Winer b
Winer a
Winer b
Winer a
Winer b
Winer b
Winer a
Winer b
Winer a
Winer b
Winer a
Winer a
Winer b
Winer b
Winer a
Winer a
Winer b
No winer
No winer
Winer b
Winer a
Winer a
Winer b
Winer b
Winer a
No winer
No winer
Winer a
Winer b
No winer
No winer
Winer a
Winer b
Winer b
Winer a
Winer b
Winer a
Winer a
Winer b
Winer b
Winer a
Winer a
Winer b
Winer a
Winer b
Winer a
Winer b
Winer b
Winer a
Winer b
Winer a
Winer b
Winer a
Winer a
Winer b
Winer b
Winer a
Winer a
Winer b
Winer a
Winer b
Winer b
Winer a
Winer a
Winer b
Winer b
Winer a
No winer
No winer
Winer a
Winer b
No winer
No winer
Winer a
Winer b
No winer
No winer
Winer b
Winer a
No winer
No winer
Winer b
Winer a
Winer a
Winer b
Winer a
Winer b
Winer a
Winer b
Winer b
Winer a
Winer b
Winer a
Winer b
Winer a
Winer a
Winer b
Winer b
Winer a
No winer
No winer
No winer
No winer
Winer b
Winer a
Winer a
Winer b
Winer b
Winer a
No winer
No winer
Winer a
Winer b
No winer
No winer
Winer a
Winer b
No winer
No winer
Winer b
Winer a
Winer b
Winer a
Winer b
Winer a
Winer a
Winer b
Winer a
Winer b
Winer a
Winer b
Winer b
Winer a
Winer b
Winer a
Winer b
Winer a
Winer a
Winer b
Winer b
Winer a
No winer
No winer
No winer
No winer
Winer b
Winer a
Winer a
Winer b
Winer b
Winer a
No winer
No winer
Winer a
Winer b
No winer
No winer
Winer a
Winer b
Winer b
Winer a
Winer b
Winer a
Winer b
Winer a
Winer b
Winer a
Winer a
Winer b
Winer a
Winer b
Winer a
Winer b
Winer b
Winer a
Winer b
Winer a
Winer b
Winer a
Winer a
Winer b
Winer b
Winer a
Winer b
Winer a
Winer a
Winer b
Winer b
Winer a
Winer a
Winer b
Winer b
Winer a
No winer
No winer
Winer a
Winer b
No winer
No winer
Winer a
Winer b
No winer
No winer
Winer b
Winer a
Winer b
Winer a
Winer b
Winer a
Winer a
Winer b
Winer a
Winer b
Winer a
Winer b
Winer b
Winer a
Winer b
Winer a
Winer b
Winer a
Winer a
Winer b
Winer b
Winer a
Winer b
Winer a
No winer
No winer
Winer b
Winer a
Winer a
Winer b
Winer b
Winer a
No winer
No winer
Winer a
Winer b
No winer
No winer
Winer a
Winer b
No winer
No winer
Winer b
Winer a
Winer b
Winer a
Winer b
Winer a
Winer a
Winer b
Winer a
Winer b
Winer a
Winer b
Winer b
Winer a
Winer b
Winer a
Winer b
Winer a
Winer a
Winer b
Winer b
Winer a
Winer b
Winer a
No winer
No winer
Winer b
Winer a
Winer a
Winer b
Winer b
Winer a
No winer
No winer
Winer a
Winer b
No winer
No winer
Winer a
Winer b
Winer b
Winer a
Winer b
Winer a
Winer b
Winer a
Winer b
Winer a
Winer a
Winer b
Winer a
Winer b
Winer a
Winer b
Winer b
Winer a
Winer b
Winer a
Winer b
Winer a
Winer a
Winer b
Winer b
Winer a
Winer b
Winer a
Winer a
Winer b
Winer b
Winer a
Winer a
Winer b
Winer b
Winer a
No winer
No winer
Winer a
Winer b
No winer
No winer
Winer a
Winer b
No winer
No winer
Winer b
Winer a
Winer b
Winer a
Winer b
Winer a
Winer a
Winer b
Winer a
Winer b
Winer a
Winer b
Winer b
Winer a
Winer b
Winer a
Winer b
Winer a
Winer a
Winer b
Winer b
Winer a
Winer b
Winer a
No winer
No winer
Winer b
Winer a
Winer a
Winer b
Winer b
Winer a
No winer
No winer
Winer a
Winer b
No winer
No winer
Winer a
Winer b
No winer
No winer
Winer b
Winer a
Winer b
Winer a
Winer b
Winer a
Winer a
Winer b
Winer a
Winer b
Winer a
Winer b
Winer b
Winer a
Winer b
Winer a
Winer b
Winer a
Winer a
Winer b
Winer b
Winer a
Winer b
Winer a
No winer
No winer
Winer b
Winer a
Winer a
Winer b
Winer b
Winer a
No winer
No winer
Winer a
Winer b
No winer
No winer
Winer a
Winer b
Winer b
Winer a
Winer b
Winer a
Winer b
Winer a
Winer b
Winer a
Winer a
Winer b
Winer a
Winer b
Winer a
Winer b
Winer b
Winer a
Winer b
Winer a
Winer b
Winer a
Winer a
Winer b
Winer b
Winer a
Winer b
Winer a
Winer a
Winer b
Winer b
Winer a
Winer a
Winer b
Winer b
Winer a
No winer
No winer
No winer
No winer
No winer
No winer
Winer a
Winer b
No winer
No winer
Winer b
Winer a
Winer b
Winer a
Winer b
Winer a
Winer a
Winer b
Winer a
Winer b
Winer a
Winer b
Winer b
Winer a
Winer b
Winer a
Winer b
Winer a
Winer a
Winer b
Winer b
Winer a
Winer b
Winer a
No winer
No winer
Winer b
Winer a
Winer a
Winer b
Winer b
Winer a
No winer
No winer
Winer b
Winer a
No winer
No winer
Winer a
Winer b
No winer
No winer
Winer b
Winer a
Winer b
Winer a
Winer b
Winer a
Winer a
Winer b
Winer a
Winer b
Winer a
Winer b
Winer b
Winer a
Winer b
Winer a
Winer b
Winer a
Winer a
Winer b
Winer b
Winer a
Winer b
Winer a
No winer
No winer
Winer b
Winer a
Winer a
Winer b
Winer b
Winer a
No winer
No winer
Winer b
Winer a
No winer
No winer
Winer a
Winer b
Winer b
Winer a
Winer b
Winer a
Winer b
Winer a
Winer b
Winer a
Winer a
Winer b
Winer a
Winer b
Winer a
Winer b
Winer b
Winer a
Winer b
Winer a
Winer b
Winer a
Winer a
Winer b
Winer b
Winer a
Winer b
Winer a
Winer a
Winer b
Winer b
Winer a
Winer a
Winer b
Winer b
Winer a
No winer
No winer
Winer b
Winer a
No winer
No winer
Winer a
Winer b
No winer
No winer
Winer b
Winer a
Winer b
Winer a
Winer b
Winer a
Winer a
Winer b
Winer a
Winer b
Winer a
Winer b
Winer b
Winer a
Winer b
Winer a
Winer b
Winer a
Winer a
Winer b
Winer b
Winer a
Winer b
Winer a
No winer
No winer
Winer b
Winer a
Winer a
Winer b
Winer b
Winer a
No winer
No winer
Winer b
Winer a
No winer
No winer
Winer a
Winer b
No winer
No winer
Winer b
Winer a
Winer b
Winer a
Winer b
Winer a
Winer a
Winer b
Winer a
Winer b
Winer a
Winer b
Winer b
Winer a
Winer b
Winer a
Winer b
Winer a
Winer a
Winer b
Winer b
Winer a
Winer b
Winer a
No winer
No winer
Winer b
Winer a
Winer a
Winer b
Winer b
Winer a
No winer
No winer
Winer b
Winer a
No winer
No winer
Winer a
Winer b
Winer b
Winer a
Winer b
Winer a
Winer b
Winer a
Winer b
Winer a
Winer a
Winer b
Winer a
Winer b
Winer a
Winer b
Winer b
Winer a
Winer b
Winer a
Winer b
Winer a
Winer a
Winer b
Winer b
Winer a
Winer b
Winer a
Winer a
Winer b
Winer b
Winer a
Winer a
Winer b
Winer b
Winer a
No winer
No winer
Winer b
Winer a
No winer
No winer
Winer a
Winer b
No winer
No winer
Winer b
Winer a
Winer b
Winer a
Winer b
Winer a
Winer a
Winer b
Winer a
Winer b
Winer a
Winer b
Winer b
Winer a
Winer b
Winer a
Winer b
Winer a
Winer a
Winer b
Winer b
Winer a
Winer b
Winer a
No winer
No winer
Winer b
Winer a
Winer a
Winer b
Winer b
Winer a
No winer
No winer
Winer b
Winer a
No winer
No winer
Winer a
Winer b
No winer
No winer
Winer b
Winer a
Winer b
Winer a
Winer b
Winer a
Winer a
Winer b
Winer a
Winer b
Winer a
Winer b
Winer b
Winer a
Winer b
Winer a
Winer b
Winer a
Winer a
Winer b
Winer b
Winer a
Winer b
Winer a
No winer
No winer
Winer b
Winer a
Winer a
Winer b
Winer b
Winer a
No winer
No winer
Winer b
Winer a
No winer
No winer
Winer a
Winer b
Winer b
Winer a
Winer b
Winer a
Winer b
Winer a
Winer b
Winer a
Winer a
Winer b
Winer a
Winer b
Winer a
Winer b
Winer b
Winer a
Winer b
Winer a
Winer b
Winer a
Winer a
Winer b
Winer b
Winer a
Winer b
Winer a
Winer a
Winer b
Winer b
Winer a
Winer a
Winer b
Winer b
Winer a
No winer
No winer
Winer b
Winer a
No winer
No winer
Winer a
Winer b
No winer
No winer
Winer b
Winer a
Winer b
Winer a
Winer b
Winer a
Winer a
Winer b
Winer a
Winer b
Winer a
Winer b
Winer b
Winer a
Winer b
Winer a
Winer b
Winer a
Winer a
Winer b
Winer b
Winer a
Winer b
Winer a
No winer
No winer
Winer b
Winer a
Winer a
Winer b
Winer b
Winer a
No winer
No winer
Winer b
Winer a
No winer
No winer
Winer a
Winer b
No winer
No winer
Winer b
Winer a
Winer b
Winer a
Winer b
Winer a
Winer a
Winer b
Winer a
Winer b
No winer
No winer
Winer b
Winer a
Winer b
Winer a
Winer b
Winer a
Winer a
Winer b
Winer b
Winer a
Winer b
Winer a
No winer
No winer
Winer b
Winer a
Winer a
Winer b
Winer b
Winer a
No winer
No winer
Winer b
Winer a
No winer
No winer
Winer a
Winer b
Winer b
Winer a
Winer b
Winer a
Winer b
Winer a
Winer b
Winer a
Winer a
Winer b
Winer a
Winer b
No winer
No winer
Winer b
Winer a
Winer b
Winer a
Winer b
Winer a
Winer a
Winer b
Winer b
Winer a
Winer b
Winer a
Winer a
Winer b
Winer b
Winer a
Winer a
Winer b
Winer b
Winer a
No winer
No winer
Winer b
Winer a
No winer
No winer
Winer a
Winer b
No winer
No winer
Winer b
Winer a
Winer b
Winer a
Winer b
Winer a
Winer a
Winer b
Winer a
Winer b
Winer b
Winer a
Winer b
Winer a
Winer b
Winer a
Winer b
Winer a
Winer a
Winer b
Winer b
Winer a
Winer b
Winer a
No winer
No winer
Winer b
Winer a
Winer a
Winer b
Winer b
Winer a
No winer
No winer
Winer b
Winer a
No winer
No winer
Winer a
Winer b
No winer
No winer
Winer b
Winer a
Winer b
Winer a
Winer b
Winer a
Winer a
Winer b
Winer a
Winer b
Winer b
Winer a
Winer b
Winer a
Winer b
Winer a
Winer b
Winer a
Winer a
Winer b
Winer b
Winer a
Winer b
Winer a
No winer
No winer
Winer b
Winer a
Winer a
Winer b
Winer b
Winer a
No winer
No winer
Winer b
Winer a
No winer
No winer
Winer a
Winer b
Winer b
Winer a
Winer b
Winer a
Winer b
Winer a
Winer b
Winer a
Winer a
Winer b
Winer a
Winer b
Winer b
Winer a
Winer b
Winer a
Winer b
Winer a
Winer b
Winer a
Winer a
Winer b
Winer b
Winer a
Winer b
Winer a
Winer a
Winer b
Winer b
Winer a
Winer a
Winer b
Winer b
Winer a
No winer
No winer
Winer b
Winer a
No winer
No winer
Winer a
Winer b
No winer
No winer
Winer b
Winer a
Winer b
Winer a
Winer b
Winer a
Winer a
Winer b
Winer a
Winer b
Winer b
Winer a
Winer b
Winer a
Winer b
Winer a
Winer b
Winer a
Winer a
Winer b
Winer b
Winer a
Winer b
Winer a
No winer
No winer
Winer b
Winer a
Winer a
Winer b
Winer b
Winer a
No winer
No winer
Winer b
Winer a
No winer
No winer
Winer a
Winer b
No winer
No winer
Winer b
Winer a
Winer b
Winer a
Winer b
Winer a
Winer a
Winer b
Winer a
Winer b
Winer b
Winer a
Winer b
Winer a
Winer b
Winer a
Winer b
Winer a
Winer a
Winer b
Winer b
Winer a
Winer b
Winer a
No winer
No winer
Winer b
Winer a
Winer a
Winer b
Winer b
Winer a
No winer
No winer
Winer b
Winer a
No winer
No winer
Winer a
Winer b
Winer b
Winer a
Winer b
Winer a
Winer b
Winer a
Winer b
Winer a
Winer a
Winer b
Winer a
Winer b
Winer b
Winer a
Winer b
Winer a
Winer b
Winer a
Winer b
Winer a
Winer a
Winer b
Winer b
Winer a
Winer b
Winer a
Winer a
Winer b
Winer b
Winer a
Winer a
Winer b
Winer b
Winer a
No winer
No winer
Winer b
Winer a
No winer
No winer
Winer a
Winer b
No winer
No winer
Winer b
Winer a
Winer b
Winer a
Winer b
Winer a
Winer a
Winer b
Winer a
Winer b
Winer b
Winer a
Winer b
Winer a
Winer b
Winer a
Winer b
Winer a
Winer a
Winer b
Winer b
Winer a
Winer b
Winer a
No winer
No winer
Winer b
Winer a
Winer a
Winer b
Winer b
Winer a
No winer
No winer
Winer b
Winer a
No winer
No winer
Winer a
Winer b
No winer
No winer
Winer b
Winer a
Winer b
Winer a
Winer b
Winer a
Winer a
Winer b
Winer a
Winer b
Winer b
Winer a
Winer b
Winer a
Winer b
Winer a
Winer b
Winer a
Winer a
Winer b
Winer b
Winer a
Winer b
Winer a
No winer
No winer
Winer b
Winer a
Winer a
Winer b
Winer b
Winer a
No winer
No winer
Winer b
Winer a
No winer
No winer
Winer a
Winer b
Winer b
Winer a
Winer b
Winer a
Winer b
Winer a
Winer b
Winer a
Winer a
Winer b
Winer a
Winer b
Winer b
Winer a
Winer b
Winer a
Winer b
Winer a
Winer b
Winer a
Winer a
Winer b
Winer b
Winer a
Winer b
Winer a
Winer a
Winer b
Winer b
Winer a
Winer b
No winer
Winer a
Winer b
Winer b
Winer b
Winer b
Winer a
Winer a
Winer a
Winer a
Winer b
Winer b
No winer
Winer b
Winer b
Winer b
No winer
Winer b
No winer
Winer b
No winer
Winer b
Winer a
Winer b
Winer a
Winer a
No winer
Winer a
Winer b
Winer a
Winer b
Winer a
Winer b
Winer a
Winer a
Winer b
No winer
Winer b
Winer b
No winer
Winer a
Winer a
Winer a
Winer b
Winer a
No winer
Winer b
Winer a
Winer b
Winer a
No winer
Winer a
Winer b
Winer a
Winer a
No winer
Winer b
Winer a
No winer
No winer
Winer b
Winer b
Winer a
Winer a
Winer a
Winer b
No winer
Winer a
Winer a
Winer b
Winer a
Winer b
Winer a
Winer a
Winer a
Winer b
Winer a
Winer a
Winer b
No winer
Winer b
Winer b
Winer a
Winer a
Winer a
Winer b
No winer
Winer a
Winer a
Winer a
Winer b
No winer
Winer b
Winer a
Winer b
Winer a
No winer
Winer b
Winer a
Winer b
Winer a
Winer b
Winer a
Winer a
Winer b
Winer b
Winer b
Winer b
No winer
Winer a
No winer
Winer a
No winer
Winer a
Winer a
Winer a
Winer a
Winer a
Winer b
Winer a
Winer b
Winer a
Winer b
Winer a
Winer a
No winer
No winer
Winer b
Winer a
Winer b
Winer a
Winer a
Winer b
Winer b
Winer b
Winer b
Winer b
Winer a
Winer a
Winer b
Winer b
Winer b
Winer b
Winer a
Winer b
Winer a
Winer b
Winer b
Winer a
Winer a
Winer b
Winer a
Winer a
Winer a
Winer b
No winer
Winer a
Winer b
Winer a
Winer b
Winer b
Winer a
Winer a
Winer a
Winer a
Winer b
No winer
Winer a
Winer b
Winer b
Winer b
Winer b
Winer a
Winer a
No winer
Winer a
Winer a
Winer a
Winer a
No winer
Winer b
Winer a
No winer
Winer b
Winer b
Winer b
Winer a
Winer a
Winer b
Winer b
No winer
Winer a
Winer a
Winer a
Winer b
Winer b
Winer a
Winer b
No winer
No winer
Winer a
Winer a
Winer b
Winer a
Winer a
Winer b
Winer b
No winer
Winer b
Winer a
No winer
Winer a
No winer
Winer b
Winer b
Winer b
Winer b
Winer b
Winer a
Winer a
Winer a
No winer
Winer a
Winer a
Winer b
No winer
Winer a
Winer b
No winer
Winer a
Winer b
No winer
Winer a
No winer
Winer a
Winer a
Winer a
Winer b
Winer a
No winer
Winer a
No winer
Winer a
No winer
Winer b
Winer b
Winer a
Winer b
Winer a
Winer a
Winer b
Winer a
Winer b
Winer b
Winer a
Winer a
No winer
Winer b
Winer a
Winer a
Winer b
Winer b
Winer a
Winer b
Winer a
Winer b
Winer a
No winer
No winer
Winer a
Winer a
Winer a
Winer a
No winer
Winer b
Winer a
Winer a
Winer b
Winer b
Winer a
Winer a
No winer
Winer a
Winer b
Winer a
No winer
Winer a
Winer b
No winer
Winer a
Winer b
Winer b
Winer a
No winer
Winer b
Winer b
Winer a
Winer a
No winer
Winer a
No winer
Winer a
Winer b
Winer a
Winer a
No winer
Winer a
Winer b
Winer a
Winer b
Winer b
Winer b
Winer b
No winer
No winer
Winer a
No winer
Winer a
Winer b
Winer b
Winer b
No winer
Winer b
Winer b
Winer b
Winer b
Winer a
Winer b
Winer b
Winer b
Winer b
Winer b
No winer
Winer b
Winer b
Winer a
Winer b
Winer b
Winer b
No winer
Winer b
Winer a
Winer b
Winer a
Winer b
Winer b
Winer a
Winer a
Winer a
Winer b
Winer b
Winer a
No winer
Winer a
Winer a
Winer b
Winer a
Winer b
No winer
Winer b
Winer a
Winer b
Winer a
Winer a
Winer a
Winer b
Winer a
Winer b
Winer b
No winer
Winer b
Winer a
Winer b
Winer b
Winer a
Winer a
Winer b
No winer
No winer
Winer a
Winer a
No winer
No winer
Winer a
Winer a
Winer a
Winer a
Winer b
Winer b
No winer
Winer b
Winer a
Winer a
Winer a
Winer a
Winer a
Winer a
Winer a
Winer a
Winer b
Winer a
Winer a
Winer b
Winer b
No winer
Winer a
Winer a
Winer b
Winer b
Winer b
Winer b
No winer
Winer a
No winer
Winer b
Winer b
No winer
Winer a
Winer b
No winer
Winer b
Winer b
Winer b
No winer
Winer a
Winer a
No winer
Winer b
Winer b
Winer b
Winer a
Winer b
Winer b
Winer b
Winer a
Winer b
Winer b
No winer
Winer a
Winer b
Winer b
Winer a
Winer b
Winer b
Winer b
Winer b
Winer a
Winer b
Winer a
Winer a
Winer b
Winer a
Winer b
No winer
Winer a
Winer b
Winer b
Winer b
Winer b
Winer a
No winer
No winer
Winer a
Winer a
Winer b
Winer b
Winer b
Winer a
Winer a
Winer a
Winer a
Winer a
Winer a
Winer a
Winer b
Winer a
Winer b
Winer a
Winer b
No winer
Winer a
Winer a
Winer a
Winer a
Winer a
Winer b
Winer a
No winer
Winer a
No winer
Winer b
Winer b
Winer b
Winer a
No winer
Winer a
Winer a
No winer
Winer b
No winer
No winer
Winer a
Winer a
Winer a
No winer
No winer
Winer a
Winer b
Winer b
Winer a
Winer a
Winer b
Winer b
Winer b
Winer a
Winer a
Winer b
Winer a
Winer b
Winer b
Winer a
No winer
Winer b
Winer b
Winer b
Winer b
Winer a
No winer
Winer b
Winer a
Winer b
No winer
Winer b
Winer b
Winer b
Winer b
Winer b
Winer a
Winer b
Winer b
Winer a
Winer b
Winer a
Winer b
Winer a
Winer a
Winer a
Winer b
Winer a
No winer
Winer b
No winer
Winer a
Winer a
Winer a
No winer
Winer a
Winer b
Winer b
No winer
Winer a
Winer b
No winer
No winer
Winer a
No winer
Winer a
Winer a
Winer b
Winer a
Winer a
Winer b
Winer a
Winer b
Winer a
Winer a
No winer
No winer
Winer b
Winer a
Winer a
Winer a
Winer b
Winer a
No winer
Winer a
No winer
Winer a
Winer a
No winer
Winer b
Winer b
Winer a
No winer
Winer a
No winer
Winer a
Winer a
Winer b
Winer b
Winer b
Winer a
Winer b
Winer b
Winer a
Winer b
Winer b
Winer b
No winer
Winer b
Winer b
Winer a
Winer b
Winer a
No winer
Winer b
Winer a
Winer a
No winer
Winer b
Winer a
Winer a
Winer a
Winer b
Winer b
Winer b
No winer
Winer b
No winer
Winer a
Winer b
Winer b
No winer
Winer b
Winer b
No winer
Winer b
Winer a
Winer a
Winer a
Winer a
Winer b
Winer b
Winer a
Winer a
Winer a
Winer a
No winer
Winer b
Winer a
Winer a
No winer
Winer b
Winer a
Winer b
No winer
Winer b
Winer a
Winer a
Winer b
Winer b
No winer
Winer b
Winer b
Winer a
No winer
Winer b
Winer a
No winer
Winer b
Winer b
Winer a
Winer a
Winer b
Winer a
Winer b
Winer b
No winer
No winer
Winer b
No winer
No winer
Winer b
Winer b
Winer b
Winer a
No winer
Winer b
Winer b
Winer b
Winer b
Winer b
Winer b
Winer a
Winer b
Winer b
Winer b
Winer a
Winer a
No winer
Winer a
Winer a
Winer a
Winer b
Winer b
Winer a
No winer
Winer a
Winer b
Winer b
Winer b
Winer b
No winer
Winer b
Winer a
Winer a
Winer b
Winer b
No winer
Winer b
Winer a
Winer b
Winer b
Winer b
Winer b
Winer a
No winer
Winer b
Winer b
Winer b
No winer
Winer a
Winer a
Winer b
Winer a
Winer a
Winer b
Winer b
Winer b
Winer b
No winer
Winer b
Winer b
Winer b
Winer a
Winer a
Winer a
No winer
Winer a
Winer a
Winer b
No winer
Winer a
Winer b
Winer a
Winer b
Winer b
Winer a
Winer a
Winer b
Winer a
Winer a
Winer a
Winer a
Winer a
Winer b
Winer b
Winer b
No winer
Winer a
Winer b
No winer
Winer a
Winer b
Winer b
Winer a
Winer b
No winer
Winer b
Winer b
Winer a
Winer b
Winer b
Winer b
Winer a
No winer
Winer a
Winer a
Winer b
Winer b
Winer b
Winer b
Winer b
Winer a
Winer a
Winer b
Winer a
Winer b
Winer b
Winer a
No winer
Winer b
Winer b
Winer b
Winer a
Winer b
Winer b
Winer b
No winer
Winer b
Winer a
Winer b
Winer b
Winer b
Winer b
Winer a
Winer a
No winer
Winer a
No winer
Winer b
Winer b
Winer b
Winer a
Winer a
Winer a
Winer b
No winer
Winer a
No winer
No winer
Winer a
Winer a
Winer b
Winer a
Winer a
Winer a
Winer a
No winer
No winer
No winer
Winer a
Winer a
No winer
No winer
Winer a
No winer
Winer b
Winer a
Winer a
Winer a
Winer a
Winer a
Winer b
Winer a
Winer a
Winer a
Winer b
Winer a
Winer b
Winer a
Winer a
Winer b
Winer b
Winer b
No winer
Winer b
Winer a
Winer b
Winer a
Winer a
Winer a
Winer a
Winer a
Winer b
Winer a
Winer b
Winer a
Winer a
Winer b
Winer b
Winer b
Winer b
Winer a
Winer a
Winer a
Winer a
Winer b
Winer b
Winer b
Winer a
Winer b
Winer b
Winer b
Winer a
Winer b
Winer b
Winer a
Winer a
No winer
Winer b
Winer b
Winer a
Winer a
Winer a
No winer
Winer b
Winer a
Winer a
Winer b
Winer a
No winer
Winer a
Winer b
No winer
Winer b
Winer b
Winer a
Winer b
Winer a
Winer a
Winer b
Winer b
Winer b
Winer a
Winer b
Winer a
Winer a
Winer a
Winer a
Winer a
Winer b
Winer b
Winer b
Winer a
Winer a
Winer b
Winer a
No winer
Winer b
No winer
No winer
Winer a
No winer
Winer a
No winer
No winer
Winer b
Winer a
Winer a
Winer b
Winer b
No winer
Winer b
Winer a
Winer a
Winer a
Winer a
Winer b
Winer a
Winer b
Winer b
Winer a
No winer
Winer a
Winer a
Winer a
Winer b
Winer a
No winer
Winer a
Winer a
Winer a
Winer b
Winer a
Winer a
No winer
No winer
Winer b
No winer
Winer a
Winer b
No winer
Winer b
Winer b
Winer b
No winer
Winer a
Winer a
Winer a
Winer a
Winer a
No winer
No winer
Winer a
Winer a
Winer a
No winer
No winer
Winer a
Winer b
Winer a
Winer a
Winer a
Winer a
Winer a
Winer b
No winer
Winer a
No winer
No winer
Winer a
No winer
No winer
Winer b
Winer b
Winer b
Winer a
No winer
Winer b
Winer b
Winer a
No winer
Winer b
Winer a
Winer a
Winer a
Winer b
Winer b
No winer
Winer b
Winer b
Winer b
No winer
No winer
No winer
No winer
Winer a
Winer a
Winer b
Winer a
No winer
No winer
Winer a
Winer b
Winer a
Winer a
Winer b
Winer a
Winer b
Winer a
Winer a
Winer a
Winer a
Winer b
Winer b
Winer a
Winer a
Winer a
Winer a
Winer b
No winer
Winer b
Winer a
Winer b
Winer b
Winer b
Winer b
Winer b
Winer a
Winer b
Winer a
Winer b
Winer b
Winer b
Winer a
No winer
No winer
Winer a
Winer b
Winer a
Winer a
Winer b
Winer a
Winer a
Winer b
Winer a
Winer b
Winer b
Winer b
No winer
Winer a
Winer a
Winer a
Winer a
Winer a
Winer a
Winer b
Winer b
Winer b
No winer
No winer
Winer a
Winer a
Winer a
Winer b
Winer b
Winer a
Winer b
Winer a
Winer b
No winer
No winer
Winer a
Winer a
Winer a
Winer b
Winer a
Winer a
Winer a
Winer a
Winer a
Winer a
Winer a
Winer b
Winer a
No winer
Winer b
Winer a
Winer b
No winer
Winer b
Winer b
Winer a
Winer a
Winer a
Winer b
Winer a
Winer b
Winer b
No winer
Winer b
No winer
Winer b
No winer
Winer a
Winer a
Winer b
No winer
Winer b
Winer a
Winer b
Winer b
Winer a
Winer b
Winer a
Winer b
Winer a
Winer b
Winer a
Winer b
Winer b
Winer a
Winer a
Winer a
Winer a
Winer b
Winer b
Winer a
Winer b
Winer a
Winer a
Winer b
Winer b
Winer a
Winer a
Winer b
Winer a
No winer
Winer a
Winer a
Winer b
Winer b
No winer
No winer
Winer b
Winer b
No winer
Winer a
No winer
Winer b
Winer b
Winer a
Winer b
Winer b
Winer b
Winer b
Winer b
Winer b
No winer
Winer b
Winer a
Winer a
Winer b
Winer b
Winer a
Winer a
Winer b
Winer a
Winer a
Winer a
Winer a
Winer b
Winer a
Winer a
Winer a
Winer a
No winer
Winer b
Winer b
Winer b
No winer
Winer a
Winer b
Winer b
No winer
Winer a
Winer b
Winer b
Winer a
No winer
Winer b
Winer a
Winer a
Winer a
Winer b
Winer b
Winer b
No winer
No winer
Winer a
Winer a
Winer b
Winer a
Winer a
No winer
Winer a
Winer b
Winer a
No winer
Winer a
Winer a
Winer b
Winer b
No winer
Winer b
No winer
Winer a
Winer b
Winer b
Winer a
Winer b
Winer b
Winer a
Winer b
No winer
Winer a
Winer a
Winer b
Winer b
Winer b
Winer b
Winer a
